  a b c d e f g h
8 r . b . . b . r 8
7 . . . . . . . . 7
6 . . . . . . . . 6
5 . . . . . . . . 5
4 . . . . . . . . 4
3 . . . . . . . . 3
2 . . . . . . . . 2
1 R . B . . B . R 1
  a b c d e f g h

White plays. Enter move:
  a b c d e f g h
8 r . b . . b . R 8
7 . . . . . . . . 7
6 . . . . . . . . 6
5 . . . . . . . . 5
4 . . . . . . . . 4
3 . . . . . . . . 3
2 . . . . . . . . 2
1 R . B . . B . . 1
  a b c d e f g h

Black plays. Enter move:
