  a b c d e f g h
8 r . b . . b . r 8
7 . . . . . . . . 7
6 . . . . . . . . 6
5 . . . . . . . . 5
4 . . . . . . . . 4
3 . . . . . . . . 3
2 . . . . . . . . 2
1 R . B . . B . R 1
  a b c d e f g h

White plays. Enter move:
  a b c d e f g h
8 r . b . . b . r 8
7 . . . . . . . . 7
6 . . . . . . . B 6
5 . . . . . . . . 5
4 . . . . . . . . 4
3 . . . . . . . . 3
2 . . . . . . . . 2
1 R . . . . B . R 1
  a b c d e f g h

Black plays. Enter move:
  a b c d e f g h
8 . . b . . b . r 8
7 . . . . . . . . 7
6 . . . . . . . B 6
5 . . . . . . . . 5
4 . . . . . . . . 4
3 . . . . . . . . 3
2 . . . . . . . . 2
1 r . . . . B . R 1
  a b c d e f g h

White plays. Enter move:
  a b c d e f g h
8 . . b . . b . r 8
7 . . . . . . . . 7
6 B . . . . . . B 6
5 . . . . . . . . 5
4 . . . . . . . . 4
3 . . . . . . . . 3
2 . . . . . . . . 2
1 r . . . . . . R 1
  a b c d e f g h

Black plays. Enter move:
  a b c d e f g h
8 . . b . . b . . 8
7 . . . . . . . . 7
6 B . . . . . . r 6
5 . . . . . . . . 5
4 . . . . . . . . 4
3 . . . . . . . . 3
2 . . . . . . . . 2
1 r . . . . . . R 1
  a b c d e f g h

White plays. Enter move:
  a b c d e f g h
8 . . b . . b . . 8
7 . . . . . . . . 7
6 B . . . . . . r 6
5 . . . . . . . . 5
4 . . . . . . . . 4
3 . . . . . . . . 3
2 . . . . . . . . 2
1 r R . . . . . . 1
  a b c d e f g h

Black plays. Enter move:
  a b c d e f g h
8 . . b . . b . . 8
7 . . . . . . . . 7
6 r . . . . . . . 6
5 . . . . . . . . 5
4 . . . . . . . . 4
3 . . . . . . . . 3
2 . . . . . . . . 2
1 r R . . . . . . 1
  a b c d e f g h

White plays. Enter move:
  a b c d e f g h
8 . . b . . b . . 8
7 . R . . . . . . 7
6 r . . . . . . . 6
5 . . . . . . . . 5
4 . . . . . . . . 4
3 . . . . . . . . 3
2 . . . . . . . . 2
1 r . . . . . . . 1
  a b c d e f g h

Black plays. Enter move:
  a b c d e f g h
8 . . . . . b . . 8
7 . b . . . . . . 7
6 r . . . . . . . 6
5 . . . . . . . . 5
4 . . . . . . . . 4
3 . . . . . . . . 3
2 . . . . . . . . 2
1 r . . . . . . . 1
  a b c d e f g h

Black wins!
